>>> BaseGeometry = __import__('7-base_geometry').BaseGeometry

>>> bg = BaseGeometry()

>>> bg.area()
Traceback (most recent call last):
Exception: area() is not implemented

>>> bg.integer_validator("name", 9)

>>> bg.integer_validator("name", -1)
Traceback (most recent call last):
ValueError: name must be greater than 0

>>> bg.integer_validator("name", "str")
Traceback (most recent call last):
TypeError: name must be an integer

>>> bg.integer_validator("name", 0)
Traceback (most recent call last):
ValueError: name must be greater than 0

>>> bg.integer_validator()
Traceback (most recent call last):
TypeError: BaseGeometry.integer_validator() missing 2 required positional arguments: 'name' and 'value'

>>> bg.integer_validator("str")
Traceback (most recent call last):
TypeError: BaseGeometry.integer_validator() missing 1 required positional argument: 'value

>>> bg.integer_validator("str", (4,))
Traceback (most recent call last):
TypeError: str must be an integer

>>> bg.integer_validator("str", [3])
Traceback (most recent call last):
TypeError: str must be an integer

>>> bg.integer_validator("str", True)
Traceback (most recent call last):
TypeError: str must be an integer

>>> bg.integer_validator("str", {3, 4})
Traceback (most recent call last):
TypeError: str must be an integer

>>> bg.integer_validator("str", None)
Traceback (most recent call last):
Traceback (most recent call last):